// Jest Snapshot v1, https://goo.gl/fbAQLP

exports[`SignalsDataDataContentConverter deserialize 1`] = `
Map {
  "Bitget Futures" => [
    ExchangeSignalsDataEntity {
      "date": 2024-11-08T03:04:43.327Z,
      "group": "AlgoBot Crypto Signals",
      "info": ExchangeSignalsDataInfoEntity {
        "entry_progress": 0,
        "profit": 0,
        "take_profit_progress": 0,
        "time_passed": "5m",
      },
      "leverage": 10,
      "marginType": "cross",
      "position": "Short",
      "potential": 3.23,
      "rr": RiskRewardEntity {
        "reward": 50,
        "risk": 31,
      },
      "signalId": 75395760,
      "symbol": "DEGEN/USDT",
      "type": "Regular",
    },
    ExchangeSignalsDataEntity {
      "date": 2024-11-08T00:21:11.711Z,
      "group": "AlgoBot Crypto Signals",
      "info": ExchangeSignalsDataInfoEntity {
        "entry_progress": 0,
        "profit": 0,
        "take_profit_progress": 0,
        "time_passed": "26m",
      },
      "leverage": 10,
      "marginType": "cross",
      "position": "Long",
      "potential": 4.15,
      "rr": RiskRewardEntity {
        "reward": 100,
        "risk": 47,
      },
      "signalId": 75375023,
      "symbol": "AVAX/USDT",
      "type": "Regular",
    },
    ExchangeSignalsDataEntity {
      "date": 2024-11-08T00:01:51.215Z,
      "group": "AlgoBot Crypto Signals",
      "info": ExchangeSignalsDataInfoEntity {
        "entry_progress": 0,
        "profit": 0,
        "take_profit_progress": 0,
        "time_passed": "4m",
      },
      "leverage": 10,
      "marginType": "cross",
      "position": "Long",
      "potential": 2.42,
      "rr": RiskRewardEntity {
        "reward": 0,
        "risk": 0,
      },
      "signalId": 75374997,
      "symbol": "UNI/USDT",
      "type": "Regular",
    },
    ExchangeSignalsDataEntity {
      "date": 2024-11-08T01:43:02.856Z,
      "group": "AlgoBot Crypto Signals",
      "info": ExchangeSignalsDataInfoEntity {
        "entry_progress": 1,
        "profit": -19.96,
        "take_profit_progress": 1,
        "time_passed": "4h",
      },
      "leverage": 10,
      "marginType": "cross",
      "position": "Long",
      "potential": 3.25,
      "rr": RiskRewardEntity {
        "reward": 100,
        "risk": 61,
      },
      "signalId": 75357983,
      "symbol": "ALPHA/USDT",
      "type": "Regular",
    },
    ExchangeSignalsDataEntity {
      "date": 2024-11-07T14:48:46.369Z,
      "group": "AlgoBot Crypto Signals",
      "info": ExchangeSignalsDataInfoEntity {
        "entry_progress": 1,
        "profit": -12.45,
        "take_profit_progress": 1,
        "time_passed": "4h",
      },
      "leverage": 10,
      "marginType": "cross",
      "position": "Long",
      "potential": 3.25,
      "rr": RiskRewardEntity {
        "reward": 0,
        "risk": 0,
      },
      "signalId": 75285549,
      "symbol": "MAGIC/USDT",
      "type": "Regular",
    },
    ExchangeSignalsDataEntity {
      "date": 2024-11-07T07:41:04.719Z,
      "group": "AlgoBot Crypto Signals",
      "info": ExchangeSignalsDataInfoEntity {
        "entry_progress": 0,
        "profit": 0,
        "take_profit_progress": 0,
        "time_passed": "40m",
      },
      "leverage": 10,
      "marginType": "cross",
      "position": "Long",
      "potential": 3.25,
      "rr": RiskRewardEntity {
        "reward": 0,
        "risk": 0,
      },
      "signalId": 75269903,
      "symbol": "GLM/USDT",
      "type": "Regular",
    },
    ExchangeSignalsDataEntity {
      "date": 2024-11-07T06:43:35.361Z,
      "group": "AlgoBot Crypto Signals",
      "info": ExchangeSignalsDataInfoEntity {
        "entry_progress": 1,
        "profit": -20.08,
        "take_profit_progress": 1,
        "time_passed": "46m",
      },
      "leverage": 10,
      "marginType": "cross",
      "position": "Long",
      "potential": 3.25,
      "rr": RiskRewardEntity {
        "reward": 50,
        "risk": 31,
      },
      "signalId": 75262394,
      "symbol": "RUNE/USDT",
      "type": "Regular",
    },
    ExchangeSignalsDataEntity {
      "date": 2024-11-07T06:36:31.569Z,
      "group": "AlgoBot Crypto Signals",
      "info": ExchangeSignalsDataInfoEntity {
        "entry_progress": 1,
        "profit": -19.78,
        "take_profit_progress": 1,
        "time_passed": "1h",
      },
      "leverage": 10,
      "marginType": "cross",
      "position": "Long",
      "potential": 3.24,
      "rr": RiskRewardEntity {
        "reward": 100,
        "risk": 61,
      },
      "signalId": 75258820,
      "symbol": "CHR/USDT",
      "type": "Regular",
    },
    ExchangeSignalsDataEntity {
      "date": 2024-11-07T03:06:15.512Z,
      "group": "AlgoBot Crypto Signals",
      "info": ExchangeSignalsDataInfoEntity {
        "entry_progress": 1,
        "profit": -19.99,
        "take_profit_progress": 1,
        "time_passed": "6m",
      },
      "leverage": 10,
      "marginType": "cross",
      "position": "Long",
      "potential": 3.25,
      "rr": RiskRewardEntity {
        "reward": 50,
        "risk": 31,
      },
      "signalId": 75247866,
      "symbol": "ENS/USDT",
      "type": "Regular",
    },
    ExchangeSignalsDataEntity {
      "date": 2024-11-07T02:52:39.073Z,
      "group": "AlgoBot Crypto Signals",
      "info": ExchangeSignalsDataInfoEntity {
        "entry_progress": 0,
        "profit": 0,
        "take_profit_progress": 0,
        "time_passed": "53m",
      },
      "leverage": 10,
      "marginType": "cross",
      "position": "Long",
      "potential": 3.25,
      "rr": RiskRewardEntity {
        "reward": 100,
        "risk": 61,
      },
      "signalId": 75244318,
      "symbol": "COTI/USDT",
      "type": "Regular",
    },
    ExchangeSignalsDataEntity {
      "date": 2024-11-07T02:01:26.298Z,
      "group": "AlgoBot Crypto Signals",
      "info": ExchangeSignalsDataInfoEntity {
        "entry_progress": 0,
        "profit": 0,
        "take_profit_progress": 0,
        "time_passed": "7m",
      },
      "leverage": 10,
      "marginType": "cross",
      "position": "Long",
      "potential": 3.25,
      "rr": RiskRewardEntity {
        "reward": 100,
        "risk": 61,
      },
      "signalId": 75244268,
      "symbol": "ORDI/USDT",
      "type": "Regular",
    },
    ExchangeSignalsDataEntity {
      "date": 2024-11-07T04:42:24.081Z,
      "group": "AlgoBot Crypto Signals",
      "info": ExchangeSignalsDataInfoEntity {
        "entry_progress": 1,
        "profit": 7.5,
        "take_profit_progress": 1,
        "time_passed": "2h",
      },
      "leverage": 10,
      "marginType": "cross",
      "position": "Long",
      "potential": 3.25,
      "rr": RiskRewardEntity {
        "reward": 0,
        "risk": 0,
      },
      "signalId": 75244264,
      "symbol": "PENDLE/USDT",
      "type": "Regular",
    },
    ExchangeSignalsDataEntity {
      "date": 2024-11-07T02:10:42.704Z,
      "group": "AlgoBot Crypto Signals",
      "info": ExchangeSignalsDataInfoEntity {
        "entry_progress": 0,
        "profit": 0,
        "take_profit_progress": 0,
        "time_passed": "10m",
      },
      "leverage": 10,
      "marginType": "cross",
      "position": "Long",
      "potential": 3.25,
      "rr": RiskRewardEntity {
        "reward": 50,
        "risk": 31,
      },
      "signalId": 75244178,
      "symbol": "ASTR/USDT",
      "type": "Regular",
    },
    ExchangeSignalsDataEntity {
      "date": 2024-11-07T06:43:02.323Z,
      "group": "AlgoBot Crypto Signals",
      "info": ExchangeSignalsDataInfoEntity {
        "entry_progress": 1,
        "profit": -12.59,
        "take_profit_progress": 1,
        "time_passed": "4h",
      },
      "leverage": 10,
      "marginType": "cross",
      "position": "Long",
      "potential": 3.25,
      "rr": RiskRewardEntity {
        "reward": 50,
        "risk": 31,
      },
      "signalId": 75244109,
      "symbol": "IOTA/USDT",
      "type": "Regular",
    },
    ExchangeSignalsDataEntity {
      "date": 2024-11-07T00:14:43.806Z,
      "group": "AlgoBot Crypto Signals",
      "info": ExchangeSignalsDataInfoEntity {
        "entry_progress": 1,
        "profit": -20.58,
        "take_profit_progress": 1,
        "time_passed": "14m",
      },
      "leverage": 10,
      "marginType": "cross",
      "position": "Long",
      "potential": 3.26,
      "rr": RiskRewardEntity {
        "reward": 100,
        "risk": 63,
      },
      "signalId": 75231267,
      "symbol": "FLM/USDT",
      "type": "Regular",
    },
    ExchangeSignalsDataEntity {
      "date": 2024-11-07T00:02:36.213Z,
      "group": "AlgoBot Crypto Signals",
      "info": ExchangeSignalsDataInfoEntity {
        "entry_progress": 1,
        "profit": 32.38,
        "take_profit_progress": 1,
        "time_passed": "1h",
      },
      "leverage": 10,
      "marginType": "cross",
      "position": "Long",
      "potential": 3.24,
      "rr": RiskRewardEntity {
        "reward": 50,
        "risk": -31,
      },
      "signalId": 75225692,
      "symbol": "BIGTIME/USDT",
      "type": "Regular",
    },
    ExchangeSignalsDataEntity {
      "date": 2024-11-07T06:09:08.110Z,
      "group": "AlgoBot Crypto Signals",
      "info": ExchangeSignalsDataInfoEntity {
        "entry_progress": 1,
        "profit": 19.96,
        "take_profit_progress": 1,
        "time_passed": "8h",
      },
      "leverage": 10,
      "marginType": "cross",
      "position": "Long",
      "potential": 3.25,
      "rr": RiskRewardEntity {
        "reward": 100,
        "risk": -31,
      },
      "signalId": 75219299,
      "symbol": "IOTX/USDT",
      "type": "Regular",
    },
    ExchangeSignalsDataEntity {
      "date": 2024-11-07T00:04:05.819Z,
      "group": "AlgoBot Crypto Signals",
      "info": ExchangeSignalsDataInfoEntity {
        "entry_progress": 1,
        "profit": 20.01,
        "take_profit_progress": 1,
        "time_passed": "3h",
      },
      "leverage": 10,
      "marginType": "cross",
      "position": "Long",
      "potential": 3.25,
      "rr": RiskRewardEntity {
        "reward": 50,
        "risk": -31,
      },
      "signalId": 75214323,
      "symbol": "BAT/USDT",
      "type": "Regular",
    },
    ExchangeSignalsDataEntity {
      "date": 2024-11-07T01:40:58.478Z,
      "group": "AlgoBot Crypto Signals",
      "info": ExchangeSignalsDataInfoEntity {
        "entry_progress": 1,
        "profit": 32.44,
        "take_profit_progress": 1,
        "time_passed": "4h",
      },
      "leverage": 10,
      "marginType": "cross",
      "position": "Long",
      "potential": 3.24,
      "rr": RiskRewardEntity {
        "reward": 100,
        "risk": -61,
      },
      "signalId": 75214063,
      "symbol": "BLUR/USDT",
      "type": "Regular",
    },
    ExchangeSignalsDataEntity {
      "date": 2024-11-07T06:48:27.838Z,
      "group": "AlgoBot Crypto Signals",
      "info": ExchangeSignalsDataInfoEntity {
        "entry_progress": 1,
        "profit": 7.45,
        "take_profit_progress": 1,
        "time_passed": "10h",
      },
      "leverage": 10,
      "marginType": "cross",
      "position": "Long",
      "potential": 3.24,
      "rr": RiskRewardEntity {
        "reward": 0,
        "risk": 0,
      },
      "signalId": 75208843,
      "symbol": "BNT/USDT",
      "type": "Regular",
    },
    ExchangeSignalsDataEntity {
      "date": 2024-11-07T01:26:03.830Z,
      "group": "AlgoBot Crypto Signals",
      "info": ExchangeSignalsDataInfoEntity {
        "entry_progress": 1,
        "profit": 32.39,
        "take_profit_progress": 1,
        "time_passed": "6h",
      },
      "leverage": 10,
      "marginType": "cross",
      "position": "Long",
      "potential": 3.24,
      "rr": RiskRewardEntity {
        "reward": 100,
        "risk": -61,
      },
      "signalId": 75204211,
      "symbol": "ETC/USDT",
      "type": "Regular",
    },
    ExchangeSignalsDataEntity {
      "date": 2024-11-07T00:03:43.172Z,
      "group": "AlgoBot Crypto Signals",
      "info": ExchangeSignalsDataInfoEntity {
        "entry_progress": 1,
        "profit": 32.57,
        "take_profit_progress": 1,
        "time_passed": "7h",
      },
      "leverage": 10,
      "marginType": "cross",
      "position": "Long",
      "potential": 3.26,
      "rr": RiskRewardEntity {
        "reward": 50,
        "risk": -31,
      },
      "signalId": 75193754,
      "symbol": "ACE/USDT",
      "type": "Regular",
    },
    ExchangeSignalsDataEntity {
      "date": 2024-11-06T15:04:11.942Z,
      "group": "AlgoBot Crypto Signals",
      "info": ExchangeSignalsDataInfoEntity {
        "entry_progress": 1,
        "profit": 32.49,
        "take_profit_progress": 1,
        "time_passed": "3h",
      },
      "leverage": 10,
      "marginType": "cross",
      "position": "Long",
      "potential": 3.25,
      "rr": RiskRewardEntity {
        "reward": 50,
        "risk": -31,
      },
      "signalId": 75183305,
      "symbol": "TIA/USDT",
      "type": "Regular",
    },
  ],
  "ByBit USDT" => [
    ExchangeSignalsDataEntity {
      "date": 2024-11-08T03:04:43.327Z,
      "group": "AlgoBot Crypto Signals",
      "info": ExchangeSignalsDataInfoEntity {
        "entry_progress": 0,
        "profit": 0,
        "take_profit_progress": 0,
        "time_passed": "4m",
      },
      "leverage": 10,
      "marginType": "cross",
      "position": "Short",
      "potential": 3.23,
      "rr": RiskRewardEntity {
        "reward": 50,
        "risk": 31,
      },
      "signalId": 75395761,
      "symbol": "DEGEN/USDT",
      "type": "Regular",
    },
    ExchangeSignalsDataEntity {
      "date": 2024-11-08T00:21:11.711Z,
      "group": "AlgoBot Crypto Signals",
      "info": ExchangeSignalsDataInfoEntity {
        "entry_progress": 0,
        "profit": 0,
        "take_profit_progress": 0,
        "time_passed": "20m",
      },
      "leverage": 10,
      "marginType": "cross",
      "position": "Long",
      "potential": 4.15,
      "rr": RiskRewardEntity {
        "reward": 100,
        "risk": 47,
      },
      "signalId": 75375024,
      "symbol": "AVAX/USDT",
      "type": "Regular",
    },
    ExchangeSignalsDataEntity {
      "date": 2024-11-08T00:01:51.215Z,
      "group": "AlgoBot Crypto Signals",
      "info": ExchangeSignalsDataInfoEntity {
        "entry_progress": 0,
        "profit": 0,
        "take_profit_progress": 0,
        "time_passed": "1m",
      },
      "leverage": 10,
      "marginType": "cross",
      "position": "Long",
      "potential": 2.42,
      "rr": RiskRewardEntity {
        "reward": 0,
        "risk": 0,
      },
      "signalId": 75374998,
      "symbol": "UNI/USDT",
      "type": "Regular",
    },
    ExchangeSignalsDataEntity {
      "date": 2024-11-08T01:43:02.856Z,
      "group": "AlgoBot Crypto Signals",
      "info": ExchangeSignalsDataInfoEntity {
        "entry_progress": 1,
        "profit": -19.96,
        "take_profit_progress": 1,
        "time_passed": "4h",
      },
      "leverage": 10,
      "marginType": "cross",
      "position": "Long",
      "potential": 3.25,
      "rr": RiskRewardEntity {
        "reward": 100,
        "risk": 61,
      },
      "signalId": 75357984,
      "symbol": "ALPHA/USDT",
      "type": "Regular",
    },
    ExchangeSignalsDataEntity {
      "date": 2024-11-07T14:48:46.369Z,
      "group": "AlgoBot Crypto Signals",
      "info": ExchangeSignalsDataInfoEntity {
        "entry_progress": 1,
        "profit": 7.47,
        "take_profit_progress": 1,
        "time_passed": "16h",
      },
      "leverage": 10,
      "marginType": "cross",
      "position": "Long",
      "potential": 3.25,
      "rr": RiskRewardEntity {
        "reward": 0,
        "risk": 0,
      },
      "signalId": 75285550,
      "symbol": "MAGIC/USDT",
      "type": "Regular",
    },
    ExchangeSignalsDataEntity {
      "date": 2024-11-07T07:41:04.719Z,
      "group": "AlgoBot Crypto Signals",
      "info": ExchangeSignalsDataInfoEntity {
        "entry_progress": 1,
        "profit": -12.57,
        "take_profit_progress": 1,
        "time_passed": "8h",
      },
      "leverage": 10,
      "marginType": "cross",
      "position": "Long",
      "potential": 3.25,
      "rr": RiskRewardEntity {
        "reward": 0,
        "risk": 0,
      },
      "signalId": 75269904,
      "symbol": "GLM/USDT",
      "type": "Regular",
    },
    ExchangeSignalsDataEntity {
      "date": 2024-11-07T06:43:35.361Z,
      "group": "AlgoBot Crypto Signals",
      "info": ExchangeSignalsDataInfoEntity {
        "entry_progress": 1,
        "profit": -20.08,
        "take_profit_progress": 1,
        "time_passed": "43m",
      },
      "leverage": 10,
      "marginType": "cross",
      "position": "Long",
      "potential": 3.25,
      "rr": RiskRewardEntity {
        "reward": 50,
        "risk": 31,
      },
      "signalId": 75262395,
      "symbol": "RUNE/USDT",
      "type": "Regular",
    },
    ExchangeSignalsDataEntity {
      "date": 2024-11-07T06:36:31.569Z,
      "group": "AlgoBot Crypto Signals",
      "info": ExchangeSignalsDataInfoEntity {
        "entry_progress": 1,
        "profit": -19.78,
        "take_profit_progress": 1,
        "time_passed": "1h",
      },
      "leverage": 10,
      "marginType": "cross",
      "position": "Long",
      "potential": 3.24,
      "rr": RiskRewardEntity {
        "reward": 100,
        "risk": 61,
      },
      "signalId": 75258821,
      "symbol": "CHR/USDT",
      "type": "Regular",
    },
    ExchangeSignalsDataEntity {
      "date": 2024-11-07T06:13:36.504Z,
      "group": "AlgoBot Crypto Signals",
      "info": ExchangeSignalsDataInfoEntity {
        "entry_progress": 1,
        "profit": -19.86,
        "take_profit_progress": 1,
        "time_passed": "2h",
      },
      "leverage": 10,
      "marginType": "cross",
      "position": "Long",
      "potential": 3.26,
      "rr": RiskRewardEntity {
        "reward": 100,
        "risk": 61,
      },
      "signalId": 75253098,
      "symbol": "REN/USDT",
      "type": "Regular",
    },
    ExchangeSignalsDataEntity {
      "date": 2024-11-07T04:21:18.333Z,
      "group": "AlgoBot Crypto Signals",
      "info": ExchangeSignalsDataInfoEntity {
        "entry_progress": 1,
        "profit": -20.02,
        "take_profit_progress": 1,
        "time_passed": "1h",
      },
      "leverage": 10,
      "marginType": "cross",
      "position": "Long",
      "potential": 3.25,
      "rr": RiskRewardEntity {
        "reward": 50,
        "risk": 31,
      },
      "signalId": 75248065,
      "symbol": "AMB/USDT",
      "type": "Regular",
    },
    ExchangeSignalsDataEntity {
      "date": 2024-11-07T04:43:01.496Z,
      "group": "AlgoBot Crypto Signals",
      "info": ExchangeSignalsDataInfoEntity {
        "entry_progress": 1,
        "profit": -19.96,
        "take_profit_progress": 1,
        "time_passed": "1h",
      },
      "leverage": 10,
      "marginType": "cross",
      "position": "Long",
      "potential": 3.25,
      "rr": RiskRewardEntity {
        "reward": 100,
        "risk": 61,
      },
      "signalId": 75247932,
      "symbol": "1000LUNC/USDT",
      "type": "Regular",
    },
  ],
  "OKX Futures" => [
    ExchangeSignalsDataEntity {
      "date": 2024-11-08T00:21:11.711Z,
      "group": "AlgoBot Crypto Signals",
      "info": ExchangeSignalsDataInfoEntity {
        "entry_progress": 0,
        "profit": 0,
        "take_profit_progress": 0,
        "time_passed": "26m",
      },
      "leverage": 10,
      "marginType": "cross",
      "position": "Long",
      "potential": 4.15,
      "rr": RiskRewardEntity {
        "reward": 100,
        "risk": 47,
      },
      "signalId": 75375026,
      "symbol": "AVAX/USDT",
      "type": "Regular",
    },
    ExchangeSignalsDataEntity {
      "date": 2024-11-08T00:01:51.215Z,
      "group": "AlgoBot Crypto Signals",
      "info": ExchangeSignalsDataInfoEntity {
        "entry_progress": 1,
        "profit": 5.47,
        "take_profit_progress": 1,
        "time_passed": "48m",
      },
      "leverage": 10,
      "marginType": "cross",
      "position": "Long",
      "potential": 2.42,
      "rr": RiskRewardEntity {
        "reward": 0,
        "risk": 0,
      },
      "signalId": 75375000,
      "symbol": "UNI/USDT",
      "type": "Regular",
    },
    ExchangeSignalsDataEntity {
      "date": 2024-11-08T01:43:02.856Z,
      "group": "AlgoBot Crypto Signals",
      "info": ExchangeSignalsDataInfoEntity {
        "entry_progress": 1,
        "profit": -19.96,
        "take_profit_progress": 1,
        "time_passed": "4h",
      },
      "leverage": 10,
      "marginType": "cross",
      "position": "Long",
      "potential": 3.25,
      "rr": RiskRewardEntity {
        "reward": 100,
        "risk": 61,
      },
      "signalId": 75357986,
      "symbol": "ALPHA/USDT",
      "type": "Regular",
    },
    ExchangeSignalsDataEntity {
      "date": 2024-11-07T14:48:46.369Z,
      "group": "AlgoBot Crypto Signals",
      "info": ExchangeSignalsDataInfoEntity {
        "entry_progress": 1,
        "profit": 7.47,
        "take_profit_progress": 1,
        "time_passed": "16h",
      },
      "leverage": 10,
      "marginType": "cross",
      "position": "Long",
      "potential": 3.25,
      "rr": RiskRewardEntity {
        "reward": 0,
        "risk": 0,
      },
      "signalId": 75285552,
      "symbol": "MAGIC/USDT",
      "type": "Regular",
    },
    ExchangeSignalsDataEntity {
      "date": 2024-11-07T07:41:04.719Z,
      "group": "AlgoBot Crypto Signals",
      "info": ExchangeSignalsDataInfoEntity {
        "entry_progress": 1,
        "profit": 7.48,
        "take_profit_progress": 1,
        "time_passed": "19h",
      },
      "leverage": 10,
      "marginType": "cross",
      "position": "Long",
      "potential": 3.25,
      "rr": RiskRewardEntity {
        "reward": 0,
        "risk": 0,
      },
      "signalId": 75269905,
      "symbol": "GLM/USDT",
      "type": "Regular",
    },
    ExchangeSignalsDataEntity {
      "date": 2024-11-07T03:06:15.512Z,
      "group": "AlgoBot Crypto Signals",
      "info": ExchangeSignalsDataInfoEntity {
        "entry_progress": 1,
        "profit": -19.99,
        "take_profit_progress": 1,
        "time_passed": "6m",
      },
      "leverage": 10,
      "marginType": "cross",
      "position": "Long",
      "potential": 3.25,
      "rr": RiskRewardEntity {
        "reward": 50,
        "risk": 31,
      },
      "signalId": 75247869,
      "symbol": "ENS/USDT",
      "type": "Regular",
    },
    ExchangeSignalsDataEntity {
      "date": 2024-11-07T02:01:26.298Z,
      "group": "AlgoBot Crypto Signals",
      "info": ExchangeSignalsDataInfoEntity {
        "entry_progress": 0,
        "profit": 0,
        "take_profit_progress": 0,
        "time_passed": "6m",
      },
      "leverage": 10,
      "marginType": "cross",
      "position": "Long",
      "potential": 3.25,
      "rr": RiskRewardEntity {
        "reward": 100,
        "risk": 61,
      },
      "signalId": 75244271,
      "symbol": "ORDI/USDT",
      "type": "Regular",
    },
    ExchangeSignalsDataEntity {
      "date": 2024-11-07T06:43:02.323Z,
      "group": "AlgoBot Crypto Signals",
      "info": ExchangeSignalsDataInfoEntity {
        "entry_progress": 1,
        "profit": -12.59,
        "take_profit_progress": 1,
        "time_passed": "4h",
      },
      "leverage": 10,
      "marginType": "cross",
      "position": "Long",
      "potential": 3.25,
      "rr": RiskRewardEntity {
        "reward": 50,
        "risk": 31,
      },
      "signalId": 75244112,
      "symbol": "IOTA/USDT",
      "type": "Regular",
    },
    ExchangeSignalsDataEntity {
      "date": 2024-11-07T00:14:43.806Z,
      "group": "AlgoBot Crypto Signals",
      "info": ExchangeSignalsDataInfoEntity {
        "entry_progress": 1,
        "profit": -20.58,
        "take_profit_progress": 1,
        "time_passed": "14m",
      },
      "leverage": 10,
      "marginType": "cross",
      "position": "Long",
      "potential": 3.26,
      "rr": RiskRewardEntity {
        "reward": 100,
        "risk": 63,
      },
      "signalId": 75231270,
      "symbol": "FLM/USDT",
      "type": "Regular",
    },
    ExchangeSignalsDataEntity {
      "date": 2024-11-07T00:20:20.617Z,
      "group": "AlgoBot Crypto Signals",
      "info": ExchangeSignalsDataInfoEntity {
        "entry_progress": 1,
        "profit": 7.48,
        "take_profit_progress": 1,
        "time_passed": "4h",
      },
      "leverage": 10,
      "marginType": "cross",
      "position": "Long",
      "potential": 3.24,
      "rr": RiskRewardEntity {
        "reward": 0,
        "risk": 0,
      },
      "signalId": 75231113,
      "symbol": "BADGER/USDT",
      "type": "Regular",
    },
  ],
  "Binance Futures" => [
    ExchangeSignalsDataEntity {
      "date": 2024-11-08T00:21:11.711Z,
      "group": "AlgoBot Crypto Signals",
      "info": ExchangeSignalsDataInfoEntity {
        "entry_progress": 0,
        "profit": 0,
        "take_profit_progress": 0,
        "time_passed": "26m",
      },
      "leverage": 10,
      "marginType": "cross",
      "position": "Long",
      "potential": 4.15,
      "rr": RiskRewardEntity {
        "reward": 100,
        "risk": 47,
      },
      "signalId": 75375022,
      "symbol": "AVAX/USDT",
      "type": "Regular",
    },
    ExchangeSignalsDataEntity {
      "date": 2024-11-08T00:01:51.215Z,
      "group": "AlgoBot Crypto Signals",
      "info": ExchangeSignalsDataInfoEntity {
        "entry_progress": 0,
        "profit": 0,
        "take_profit_progress": 0,
        "time_passed": "7m",
      },
      "leverage": 10,
      "marginType": "cross",
      "position": "Long",
      "potential": 2.42,
      "rr": RiskRewardEntity {
        "reward": 0,
        "risk": 0,
      },
      "signalId": 75374996,
      "symbol": "UNI/USDT",
      "type": "Regular",
    },
    ExchangeSignalsDataEntity {
      "date": 2024-11-08T01:43:02.856Z,
      "group": "AlgoBot Crypto Signals",
      "info": ExchangeSignalsDataInfoEntity {
        "entry_progress": 1,
        "profit": -19.96,
        "take_profit_progress": 1,
        "time_passed": "4h",
      },
      "leverage": 10,
      "marginType": "cross",
      "position": "Long",
      "potential": 3.25,
      "rr": RiskRewardEntity {
        "reward": 100,
        "risk": 61,
      },
      "signalId": 75357982,
      "symbol": "ALPHA/USDT",
      "type": "Regular",
    },
    ExchangeSignalsDataEntity {
      "date": 2024-11-07T14:48:46.369Z,
      "group": "AlgoBot Crypto Signals",
      "info": ExchangeSignalsDataInfoEntity {
        "entry_progress": 1,
        "profit": -12.45,
        "take_profit_progress": 1,
        "time_passed": "4h",
      },
      "leverage": 10,
      "marginType": "cross",
      "position": "Long",
      "potential": 3.25,
      "rr": RiskRewardEntity {
        "reward": 0,
        "risk": 0,
      },
      "signalId": 75285548,
      "symbol": "MAGIC/USDT",
      "type": "Regular",
    },
  ],
  "KuCoin Futures" => [
    ExchangeSignalsDataEntity {
      "date": 2024-11-08T00:21:11.711Z,
      "group": "AlgoBot Crypto Signals",
      "info": ExchangeSignalsDataInfoEntity {
        "entry_progress": 0,
        "profit": 0,
        "take_profit_progress": 0,
        "time_passed": "24m",
      },
      "leverage": 10,
      "marginType": "cross",
      "position": "Long",
      "potential": 4.15,
      "rr": RiskRewardEntity {
        "reward": 100,
        "risk": 47,
      },
      "signalId": 75375025,
      "symbol": "AVAX/USDT",
      "type": "Regular",
    },
    ExchangeSignalsDataEntity {
      "date": 2024-11-08T00:01:51.215Z,
      "group": "AlgoBot Crypto Signals",
      "info": ExchangeSignalsDataInfoEntity {
        "entry_progress": 0,
        "profit": 0,
        "take_profit_progress": 0,
        "time_passed": "1m",
      },
      "leverage": 10,
      "marginType": "cross",
      "position": "Long",
      "potential": 2.42,
      "rr": RiskRewardEntity {
        "reward": 0,
        "risk": 0,
      },
      "signalId": 75374999,
      "symbol": "UNI/USDT",
      "type": "Regular",
    },
    ExchangeSignalsDataEntity {
      "date": 2024-11-08T01:43:02.856Z,
      "group": "AlgoBot Crypto Signals",
      "info": ExchangeSignalsDataInfoEntity {
        "entry_progress": 1,
        "profit": -19.96,
        "take_profit_progress": 1,
        "time_passed": "4h",
      },
      "leverage": 10,
      "marginType": "cross",
      "position": "Long",
      "potential": 3.25,
      "rr": RiskRewardEntity {
        "reward": 100,
        "risk": 61,
      },
      "signalId": 75357985,
      "symbol": "ALPHA/USDT",
      "type": "Regular",
    },
    ExchangeSignalsDataEntity {
      "date": 2024-11-07T14:48:46.369Z,
      "group": "AlgoBot Crypto Signals",
      "info": ExchangeSignalsDataInfoEntity {
        "entry_progress": 1,
        "profit": 7.47,
        "take_profit_progress": 1,
        "time_passed": "16h",
      },
      "leverage": 10,
      "marginType": "cross",
      "position": "Long",
      "potential": 3.25,
      "rr": RiskRewardEntity {
        "reward": 0,
        "risk": 0,
      },
      "signalId": 75285551,
      "symbol": "MAGIC/USDT",
      "type": "Regular",
    },
    ExchangeSignalsDataEntity {
      "date": 2024-11-07T06:43:35.361Z,
      "group": "AlgoBot Crypto Signals",
      "info": ExchangeSignalsDataInfoEntity {
        "entry_progress": 1,
        "profit": -20.08,
        "take_profit_progress": 1,
        "time_passed": "43m",
      },
      "leverage": 10,
      "marginType": "cross",
      "position": "Long",
      "potential": 3.25,
      "rr": RiskRewardEntity {
        "reward": 50,
        "risk": 31,
      },
      "signalId": 75262396,
      "symbol": "RUNE/USDT",
      "type": "Regular",
    },
    ExchangeSignalsDataEntity {
      "date": 2024-11-07T06:36:31.569Z,
      "group": "AlgoBot Crypto Signals",
      "info": ExchangeSignalsDataInfoEntity {
        "entry_progress": 1,
        "profit": -19.78,
        "take_profit_progress": 1,
        "time_passed": "1h",
      },
      "leverage": 10,
      "marginType": "cross",
      "position": "Long",
      "potential": 3.24,
      "rr": RiskRewardEntity {
        "reward": 100,
        "risk": 61,
      },
      "signalId": 75258822,
      "symbol": "CHR/USDT",
      "type": "Regular",
    },
    ExchangeSignalsDataEntity {
      "date": 2024-11-07T06:13:36.504Z,
      "group": "AlgoBot Crypto Signals",
      "info": ExchangeSignalsDataInfoEntity {
        "entry_progress": 1,
        "profit": -19.86,
        "take_profit_progress": 1,
        "time_passed": "2h",
      },
      "leverage": 10,
      "marginType": "cross",
      "position": "Long",
      "potential": 3.26,
      "rr": RiskRewardEntity {
        "reward": 100,
        "risk": 61,
      },
      "signalId": 75253099,
      "symbol": "REN/USDT",
      "type": "Regular",
    },
    ExchangeSignalsDataEntity {
      "date": 2024-11-07T04:21:18.333Z,
      "group": "AlgoBot Crypto Signals",
      "info": ExchangeSignalsDataInfoEntity {
        "entry_progress": 1,
        "profit": -20.02,
        "take_profit_progress": 1,
        "time_passed": "1h",
      },
      "leverage": 10,
      "marginType": "cross",
      "position": "Long",
      "potential": 3.25,
      "rr": RiskRewardEntity {
        "reward": 50,
        "risk": 31,
      },
      "signalId": 75248066,
      "symbol": "AMB/USDT",
      "type": "Regular",
    },
    ExchangeSignalsDataEntity {
      "date": 2024-11-07T03:06:15.512Z,
      "group": "AlgoBot Crypto Signals",
      "info": ExchangeSignalsDataInfoEntity {
        "entry_progress": 1,
        "profit": -19.99,
        "take_profit_progress": 1,
        "time_passed": "6m",
      },
      "leverage": 10,
      "marginType": "cross",
      "position": "Long",
      "potential": 3.25,
      "rr": RiskRewardEntity {
        "reward": 50,
        "risk": 31,
      },
      "signalId": 75247868,
      "symbol": "ENS/USDT",
      "type": "Regular",
    },
    ExchangeSignalsDataEntity {
      "date": 2024-11-07T02:52:39.073Z,
      "group": "AlgoBot Crypto Signals",
      "info": ExchangeSignalsDataInfoEntity {
        "entry_progress": 0,
        "profit": 0,
        "take_profit_progress": 0,
        "time_passed": "58m",
      },
      "leverage": 10,
      "marginType": "cross",
      "position": "Long",
      "potential": 3.25,
      "rr": RiskRewardEntity {
        "reward": 100,
        "risk": 61,
      },
      "signalId": 75244320,
      "symbol": "COTI/USDT",
      "type": "Regular",
    },
    ExchangeSignalsDataEntity {
      "date": 2024-11-07T02:01:26.298Z,
      "group": "AlgoBot Crypto Signals",
      "info": ExchangeSignalsDataInfoEntity {
        "entry_progress": 0,
        "profit": 0,
        "take_profit_progress": 0,
        "time_passed": "1m",
      },
      "leverage": 10,
      "marginType": "cross",
      "position": "Long",
      "potential": 3.25,
      "rr": RiskRewardEntity {
        "reward": 100,
        "risk": 61,
      },
      "signalId": 75244270,
      "symbol": "ORDI/USDT",
      "type": "Regular",
    },
    ExchangeSignalsDataEntity {
      "date": 2024-11-07T04:42:24.081Z,
      "group": "AlgoBot Crypto Signals",
      "info": ExchangeSignalsDataInfoEntity {
        "entry_progress": 1,
        "profit": 7.5,
        "take_profit_progress": 1,
        "time_passed": "2h",
      },
      "leverage": 10,
      "marginType": "cross",
      "position": "Long",
      "potential": 3.25,
      "rr": RiskRewardEntity {
        "reward": 0,
        "risk": 0,
      },
      "signalId": 75244266,
      "symbol": "PENDLE/USDT",
      "type": "Regular",
    },
    ExchangeSignalsDataEntity {
      "date": 2024-11-07T02:10:42.704Z,
      "group": "AlgoBot Crypto Signals",
      "info": ExchangeSignalsDataInfoEntity {
        "entry_progress": 0,
        "profit": 0,
        "take_profit_progress": 0,
        "time_passed": "1h",
      },
      "leverage": 10,
      "marginType": "cross",
      "position": "Long",
      "potential": 3.25,
      "rr": RiskRewardEntity {
        "reward": 50,
        "risk": 31,
      },
      "signalId": 75244180,
      "symbol": "ASTR/USDT",
      "type": "Regular",
    },
  ],
}
`;
